// Jest Snapshot v1, https://goo.gl/fbAQLP

exports[`matches snapshot 1`] = `
<div
  style={
    Object {
      "height": "500px",
    }
  }
>
  <div
    style={
      Object {
        "display": "flex",
        "flexDirection": "row",
        "justifyContent": "center",
        "margin": "50px",
      }
    }
  >
    <div
      className="e-card e-card-horizontal"
      style={
        Object {
          "width": "400px",
        }
      }
    >
      <img
        alt="Sample"
        src=""
        style={
          Object {
            "height": "80px",
          }
        }
      />
      <div
        className="e-card-stacked"
      >
        <div
          className="e-card-header"
        >
          <div
            className="e-card-header-caption"
          />
        </div>
        <div
          className="e-card-content"
        />
      </div>
    </div>
  </div>
  <div
    style={
      Object {
        "display": "flex",
        "flexDirection": "row",
        "justifyContent": "center",
        "margin": "50px",
      }
    }
  >
    <div
      className="e-card e-card-horizontal"
      style={
        Object {
          "width": "400px",
        }
      }
    >
      <img
        alt="Sample"
        src="https://www.freevector.com/uploads/vector/preview/499/FreeVector-Speed-Meter-1.jpg"
        style={
          Object {
            "height": "180px",
          }
        }
      />
      <div
        className="e-card-stacked"
      >
        <div
          className="e-card-header"
        >
          <div
            className="e-card-header-caption"
          >
            <button
              className="MuiButtonBase-root MuiButton-root MuiButton-text"
              disabled={false}
              onBlur={[Function]}
              onClick={[Function]}
              onDragLeave={[Function]}
              onFocus={[Function]}
              onKeyDown={[Function]}
              onKeyUp={[Function]}
              onMouseDown={[Function]}
              onMouseLeave={[Function]}
              onMouseUp={[Function]}
              onTouchEnd={[Function]}
              onTouchMove={[Function]}
              onTouchStart={[Function]}
              tabIndex={0}
              type="button"
            >
              <span
                className="MuiButton-label"
              >
                Approve
              </span>
            </button>
          </div>
        </div>
        <div
          className="e-card-content"
        >
          Approve_or_Reject_userAccounts
        </div>
      </div>
    </div>
  </div>
  <div
    style={
      Object {
        "display": "flex",
        "flexDirection": "row",
        "justifyContent": "center",
        "margin": "50px",
      }
    }
  >
    <div
      className="e-card e-card-horizontal"
      style={
        Object {
          "width": "400px",
        }
      }
    >
      <img
        alt="Sample"
        src="https://www.freevector.com/uploads/vector/preview/499/FreeVector-Speed-Meter-1.jpg"
        style={
          Object {
            "height": "180px",
          }
        }
      />
      <div
        className="e-card-stacked"
      >
        <div
          className="e-card-header"
        >
          <div
            className="e-card-header-caption"
          >
            <button
              className="MuiButtonBase-root MuiButton-root MuiButton-text"
              disabled={false}
              onBlur={[Function]}
              onClick={[Function]}
              onDragLeave={[Function]}
              onFocus={[Function]}
              onKeyDown={[Function]}
              onKeyUp={[Function]}
              onMouseDown={[Function]}
              onMouseLeave={[Function]}
              onMouseUp={[Function]}
              onTouchEnd={[Function]}
              onTouchMove={[Function]}
              onTouchStart={[Function]}
              tabIndex={0}
              type="button"
            >
              <span
                className="MuiButton-label"
              >
                Staff Register
              </span>
            </button>
          </div>
        </div>
        <div
          className="e-card-content"
        >
          This Link will get you into staff register
        </div>
      </div>
    </div>
  </div>
  <div
    style={
      Object {
        "display": "flex",
        "flexDirection": "row",
        "justifyContent": "center",
        "margin": "50px",
      }
    }
  >
    <div
      className="e-card e-card-horizontal"
      style={
        Object {
          "width": "400px",
        }
      }
    >
      <img
        alt="Sample"
        src="https://www.freevector.com/uploads/vector/preview/499/FreeVector-Speed-Meter-1.jpg"
        style={
          Object {
            "height": "180px",
          }
        }
      />
      <div
        className="e-card-stacked"
      >
        <div
          className="e-card-header"
        >
          <div
            className="e-card-header-caption"
          >
            <button
              className="MuiButtonBase-root MuiButton-root MuiButton-text"
              disabled={false}
              onBlur={[Function]}
              onClick={[Function]}
              onDragLeave={[Function]}
              onFocus={[Function]}
              onKeyDown={[Function]}
              onKeyUp={[Function]}
              onMouseDown={[Function]}
              onMouseLeave={[Function]}
              onMouseUp={[Function]}
              onTouchEnd={[Function]}
              onTouchMove={[Function]}
              onTouchStart={[Function]}
              tabIndex={0}
              type="button"
            >
              <span
                className="MuiButton-label"
              >
                My Notifications
              </span>
            </button>
          </div>
        </div>
        <div
          className="e-card-content"
        >
          See Notifications
        </div>
      </div>
    </div>
  </div>
  <div
    style={
      Object {
        "display": "flex",
        "flexDirection": "row",
        "justifyContent": "center",
        "margin": "50px",
      }
    }
  >
    <div
      className="e-card e-card-horizontal"
      style={
        Object {
          "width": "400px",
        }
      }
    >
      <img
        alt="Sample"
        src="https://www.freevector.com/uploads/vector/preview/499/FreeVector-Speed-Meter-1.jpg"
        style={
          Object {
            "height": "180px",
          }
        }
      />
      <div
        className="e-card-stacked"
      >
        <div
          className="e-card-header"
        >
          <div
            className="e-card-header-caption"
          >
            <button
              className="MuiButtonBase-root MuiButton-root MuiButton-text"
              disabled={false}
              onBlur={[Function]}
              onClick={[Function]}
              onDragLeave={[Function]}
              onFocus={[Function]}
              onKeyDown={[Function]}
              onKeyUp={[Function]}
              onMouseDown={[Function]}
              onMouseLeave={[Function]}
              onMouseUp={[Function]}
              onTouchEnd={[Function]}
              onTouchMove={[Function]}
              onTouchStart={[Function]}
              tabIndex={0}
              type="button"
            >
              <span
                className="MuiButton-label"
              >
                Do Evaluation
              </span>
            </button>
          </div>
        </div>
        <div
          className="e-card-content"
        >
          Evaluate
        </div>
      </div>
    </div>
  </div>
  <div
    style={
      Object {
        "display": "flex",
        "flexDirection": "row",
        "justifyContent": "center",
        "margin": "50px",
      }
    }
  >
    <div
      className="e-card e-card-horizontal"
      style={
        Object {
          "width": "400px",
        }
      }
    >
      <img
        alt="Sample"
        src="https://www.freevector.com/uploads/vector/preview/499/FreeVector-Speed-Meter-1.jpg"
        style={
          Object {
            "height": "180px",
          }
        }
      />
      <div
        className="e-card-stacked"
      >
        <div
          className="e-card-header"
        >
          <div
            className="e-card-header-caption"
          >
            <button
              className="MuiButtonBase-root MuiButton-root MuiButton-text"
              disabled={false}
              onBlur={[Function]}
              onClick={[Function]}
              onDragLeave={[Function]}
              onFocus={[Function]}
              onKeyDown={[Function]}
              onKeyUp={[Function]}
              onMouseDown={[Function]}
              onMouseLeave={[Function]}
              onMouseUp={[Function]}
              onTouchEnd={[Function]}
              onTouchMove={[Function]}
              onTouchStart={[Function]}
              tabIndex={0}
              type="button"
            >
              <span
                className="MuiButton-label"
              >
                All Customers
              </span>
            </button>
          </div>
        </div>
        <div
          className="e-card-content"
        >
          Get All Customers
        </div>
      </div>
    </div>
  </div>
  <div
    style={
      Object {
        "display": "flex",
        "flexDirection": "row",
        "justifyContent": "center",
        "margin": "50px",
      }
    }
  >
    <div
      className="e-card e-card-horizontal"
      style={
        Object {
          "width": "400px",
        }
      }
    >
      <img
        alt="Sample"
        src="https://www.freevector.com/uploads/vector/preview/499/FreeVector-Speed-Meter-1.jpg"
        style={
          Object {
            "height": "180px",
          }
        }
      />
      <div
        className="e-card-stacked"
      >
        <div
          className="e-card-header"
        >
          <div
            className="e-card-header-caption"
          >
            <button
              className="MuiButtonBase-root MuiButton-root MuiButton-text"
              disabled={false}
              onBlur={[Function]}
              onClick={[Function]}
              onDragLeave={[Function]}
              onFocus={[Function]}
              onKeyDown={[Function]}
              onKeyUp={[Function]}
              onMouseDown={[Function]}
              onMouseLeave={[Function]}
              onMouseUp={[Function]}
              onTouchEnd={[Function]}
              onTouchMove={[Function]}
              onTouchStart={[Function]}
              tabIndex={0}
              type="button"
            >
              <span
                className="MuiButton-label"
              >
                My Evals
              </span>
            </button>
          </div>
        </div>
        <div
          className="e-card-content"
        >
          Evaled by me
        </div>
      </div>
    </div>
  </div>
</div>
`;
