// Jest Snapshot v1, https://goo.gl/fbAQLP

exports[`matches snapshot 1`] = `
<nav
  className="css-36cu0e"
>
  <div
    className="css-1autcxr"
  >
    <p
      className="chakra-text css-kbn7if"
      data-testid="designer"
    >
      Designed by University of Moratuwa | 2021 All Rights Reserved
    </p>
  </div>
  <div
    className="css-og5ssx"
  />
</nav>
`;
